<?xml version="1.0" encoding="UTF-8"?>
<TestRun xmlns="http://microsoft.com/schemas/VisualStudio/TeamTest/2010">
  <ResultSummary outcome="Failed">
    <Counters total="34" executed="33" passed="3" failed="30" notExecuted="1" />
  </ResultSummary>
  <Results>
    <UnitTestResult executionId="pend-1" testId="pend-1" testName="PendingFeature.Case01" outcome="Failed" duration="00:00:00.1000000"><Output><ErrorInfo><Message>Reqnroll.xUnit.ReqnrollPlugin.XUnitPendingStepException : Test pending: No matching step definition found for Given foo No matching step definition. No matching step definition.</Message></ErrorInfo></Output></UnitTestResult>
    <UnitTestResult executionId="pend-2" testId="pend-2" testName="PendingFeature.Case02" outcome="Failed" duration="00:00:00.1000000"><Output><ErrorInfo><Message>Reqnroll.xUnit.ReqnrollPlugin.XUnitPendingStepException : Test pending: No matching step definition found for Given foo</Message></ErrorInfo></Output></UnitTestResult>
    <UnitTestResult executionId="pend-3" testId="pend-3" testName="PendingFeature.Case03" outcome="Failed" duration="00:00:00.1000000"><Output><ErrorInfo><Message>Reqnroll.xUnit.ReqnrollPlugin.XUnitPendingStepException : Test pending: No matching step definition found for Given foo</Message></ErrorInfo></Output></UnitTestResult>
    <UnitTestResult executionId="pend-4" testId="pend-4" testName="PendingFeature.Case04" outcome="Failed" duration="00:00:00.1000000"><Output><ErrorInfo><Message>Reqnroll.xUnit.ReqnrollPlugin.XUnitPendingStepException : Test pending: No matching step definition found for Given foo</Message></ErrorInfo></Output></UnitTestResult>
    <UnitTestResult executionId="pend-5" testId="pend-5" testName="PendingFeature.Case05" outcome="Failed" duration="00:00:00.1000000"><Output><ErrorInfo><Message>Reqnroll.xUnit.ReqnrollPlugin.XUnitPendingStepException : Test pending: No matching step definition found for Given foo</Message></ErrorInfo></Output></UnitTestResult>
    <UnitTestResult executionId="pend-6" testId="pend-6" testName="PendingFeature.Case06" outcome="Failed" duration="00:00:00.1000000"><Output><ErrorInfo><Message>Reqnroll.xUnit.ReqnrollPlugin.XUnitPendingStepException : Test pending: No matching step definition found for Given foo</Message></ErrorInfo></Output></UnitTestResult>
    <UnitTestResult executionId="pend-7" testId="pend-7" testName="PendingFeature.Case07" outcome="Failed" duration="00:00:00.1000000"><Output><ErrorInfo><Message>Reqnroll.xUnit.ReqnrollPlugin.XUnitPendingStepException : Test pending: No matching step definition found for Given foo</Message></ErrorInfo></Output></UnitTestResult>
    <UnitTestResult executionId="pend-8" testId="pend-8" testName="PendingFeature.Case08" outcome="Failed" duration="00:00:00.1000000"><Output><ErrorInfo><Message>Reqnroll.xUnit.ReqnrollPlugin.XUnitPendingStepException : Test pending: No matching step definition found for Given foo</Message></ErrorInfo></Output></UnitTestResult>
    <UnitTestResult executionId="pend-9" testId="pend-9" testName="PendingFeature.Case09" outcome="Failed" duration="00:00:00.1000000"><Output><ErrorInfo><Message>Reqnroll.xUnit.ReqnrollPlugin.XUnitPendingStepException : Test pending: No matching step definition found for Given foo</Message></ErrorInfo></Output></UnitTestResult>
    <UnitTestResult executionId="pend-10" testId="pend-10" testName="PendingFeature.Case10" outcome="Failed" duration="00:00:00.1000000"><Output><ErrorInfo><Message>Reqnroll.xUnit.ReqnrollPlugin.XUnitPendingStepException : Test pending: No matching step definition found for Given foo</Message></ErrorInfo></Output></UnitTestResult>
    <UnitTestResult executionId="pend-11" testId="pend-11" testName="PendingFeature.Case11" outcome="Failed" duration="00:00:00.1000000"><Output><ErrorInfo><Message>Reqnroll.xUnit.ReqnrollPlugin.XUnitPendingStepException : Test pending: No matching step definition found for Given foo</Message></ErrorInfo></Output></UnitTestResult>
    <UnitTestResult executionId="pend-12" testId="pend-12" testName="PendingFeature.Case12" outcome="Failed" duration="00:00:00.1000000"><Output><ErrorInfo><Message>Reqnroll.xUnit.ReqnrollPlugin.XUnitPendingStepException : Test pending: No matching step definition found for Given foo</Message></ErrorInfo></Output></UnitTestResult>
    <UnitTestResult executionId="pend-13" testId="pend-13" testName="PendingFeature.Case13" outcome="Failed" duration="00:00:00.1000000"><Output><ErrorInfo><Message>Reqnroll.xUnit.ReqnrollPlugin.XUnitPendingStepException : Test pending: No matching step definition found for Given foo</Message></ErrorInfo></Output></UnitTestResult>
    <UnitTestResult executionId="http-1" testId="http-1" testName="HttpFeature.Call1" outcome="Failed" duration="00:00:00.1000000"><Output><ErrorInfo><Message>Refit.ApiException : Response status code does not indicate success: 400</Message></ErrorInfo></Output></UnitTestResult>
    <UnitTestResult executionId="http-2" testId="http-2" testName="HttpFeature.Call2" outcome="Failed" duration="00:00:00.1000000"><Output><ErrorInfo><Message>Refit.ApiException : Response status code does not indicate success: 401</Message></ErrorInfo></Output></UnitTestResult>
    <UnitTestResult executionId="http-3" testId="http-3" testName="HttpFeature.Call3" outcome="Failed" duration="00:00:00.1000000"><Output><ErrorInfo><Message>Refit.ApiException : Response status code does not indicate success: 403</Message></ErrorInfo></Output></UnitTestResult>
    <UnitTestResult executionId="http-4" testId="http-4" testName="HttpFeature.Call4" outcome="Failed" duration="00:00:00.1000000"><Output><ErrorInfo><Message>Response status code does not indicate success: 404</Message></ErrorInfo></Output></UnitTestResult>
    <UnitTestResult executionId="http-5" testId="http-5" testName="HttpFeature.Call5" outcome="Failed" duration="00:00:00.1000000"><Output><ErrorInfo><Message>Response status code does not indicate success: 422</Message></ErrorInfo></Output></UnitTestResult>
    <UnitTestResult executionId="aws-1" testId="aws-1" testName="AwsFeature.Token1" outcome="Failed" duration="00:00:00.1000000"><Output><ErrorInfo><Message>The security token included in the request is invalid</Message></ErrorInfo></Output></UnitTestResult>
    <UnitTestResult executionId="aws-2" testId="aws-2" testName="AwsFeature.Token2" outcome="Failed" duration="00:00:00.1000000"><Output><ErrorInfo><Message>The security token included in the request is invalid</Message></ErrorInfo></Output></UnitTestResult>
    <UnitTestResult executionId="aws-3" testId="aws-3" testName="AwsFeature.Token3" outcome="Failed" duration="00:00:00.1000000"><Output><ErrorInfo><Message>The security token included in the request is invalid</Message></ErrorInfo></Output></UnitTestResult>
    <UnitTestResult executionId="aws-4" testId="aws-4" testName="AwsFeature.Token4" outcome="Failed" duration="00:00:00.1000000"><Output><ErrorInfo><Message>The security token included in the request is invalid</Message></ErrorInfo></Output></UnitTestResult>
    <UnitTestResult executionId="code-1" testId="code-1" testName="CodeFeature.NullRef" outcome="Failed" duration="00:00:00.1000000"><Output><ErrorInfo><Message>System.NullReferenceException : Object reference not set in fixture setup</Message></ErrorInfo></Output></UnitTestResult>
    <UnitTestResult executionId="code-2" testId="code-2" testName="CodeFeature.Key" outcome="Failed" duration="00:00:00.1000000"><Output><ErrorInfo><Message>System.Collections.Generic.KeyNotFoundException : The given key was not present in the dictionary.</Message></ErrorInfo></Output></UnitTestResult>
    <UnitTestResult executionId="code-3" testId="code-3" testName="CodeFeature.InvalidOp" outcome="Failed" duration="00:00:00.1000000"><Output><ErrorInfo><Message>System.InvalidOperationException : Sequence contains no elements</Message></ErrorInfo></Output></UnitTestResult>
    <UnitTestResult executionId="assert-1" testId="assert-1" testName="AssertFeature.Equal" outcome="Failed" duration="00:00:00.1000000"><Output><ErrorInfo><Message>Xunit.Sdk.EqualException : Assert.Equal() Failure</Message></ErrorInfo></Output></UnitTestResult>
    <UnitTestResult executionId="assert-2" testId="assert-2" testName="AssertFeature.True" outcome="Failed" duration="00:00:00.1000000"><Output><ErrorInfo><Message>Xunit.Sdk.TrueException : Assert.True() Failure</Message></ErrorInfo></Output></UnitTestResult>
    <UnitTestResult executionId="data-1" testId="data-1" testName="DataFeature.Users" outcome="Failed" duration="00:00:00.1000000"><Output><ErrorInfo><Message>System.InvalidOperationException : No available users found</Message></ErrorInfo></Output></UnitTestResult>
    <UnitTestResult executionId="data-2" testId="data-2" testName="DataFeature.Empty" outcome="Failed" duration="00:00:00.1000000"><Output><ErrorInfo><Message>The array cannot be null or empty</Message></ErrorInfo></Output></UnitTestResult>
    <UnitTestResult executionId="other-1" testId="other-1" testName="OtherFeature.Boom" outcome="Failed" duration="00:00:00.1000000"><Output><ErrorInfo><Message>System.Exception : unexpected boom</Message></ErrorInfo></Output></UnitTestResult>
    <UnitTestResult executionId="pass-1" testId="pass-1" testName="PassFeature.One" outcome="Passed" duration="00:00:00.1000000"></UnitTestResult>
    <UnitTestResult executionId="pass-2" testId="pass-2" testName="PassFeature.Two" outcome="Passed" duration="00:00:00.1000000"></UnitTestResult>
    <UnitTestResult executionId="pass-3" testId="pass-3" testName="PassFeature.Three" outcome="Passed" duration="00:00:00.1000000"></UnitTestResult>
    <UnitTestResult executionId="skip-1" testId="skip-1" testName="SkipFeature.One" outcome="NotExecuted" duration="00:00:00.1000000"></UnitTestResult>
  </Results>
</TestRun>
